// Jest Snapshot v1, https://goo.gl/fbAQLP

exports[`renders component snapshot 1`] = `
<DocumentFragment>
  <button
    class="sc-bdvvtL dtufTo"
  />
</DocumentFragment>
`;
