// Jest Snapshot v1, https://goo.gl/fbAQLP

exports[`renders snapshot 1`] = `
<DocumentFragment>
  <header
    class="sc-bdvvtL eEUwUe"
  >
    <a
      href="/"
    >
      <img
        alt="logo"
        height="80px"
        src="https://res.cloudinary.com/kugoo/image/upload/v1645483046/upload/logo.png"
        width="80px"
      />
    </a>
  </header>
  <div
    class="sc-dkPtRN kFbBId"
  >
    <div
      class="sc-gsDKAQ lhdjnX"
    >
      <div
        class="sc-hKwDye heptGD"
      >
        <img
          alt="404-icon"
          height="150px"
          src="https://res.cloudinary.com/kugoo/image/upload/v1631376228/webimages/404-review.png"
        />
        <br />
        Oops! Page Not Found
        <br />
        <a
          href="/"
        >
          Go home
        </a>
      </div>
    </div>
  </div>
</DocumentFragment>
`;
